../Core/Src/main.c:70:5:__io_putchar	16	static
../Core/Src/main.c:75:5:uart_transmit	24	static
../Core/Src/main.c:79:5:uart_it_transmit	16	static
../Core/Src/main.c:83:5:uart_dma_transmit	16	static
../Core/Src/main.c:87:5:uart_poll_receive	24	static
../Core/Src/main.c:91:5:uart_it_receive	16	static
../Core/Src/main.c:95:5:uart_dma_receive	16	static
../Core/Src/main.c:103:6:TaskLIDAR	32	static
../Core/Src/main.c:194:5:main	24	static
../Core/Src/main.c:283:6:SystemClock_Config	88	static
../Core/Src/main.c:325:6:HAL_UART_RxHalfCpltCallback	24	static
../Core/Src/main.c:332:6:HAL_UART_RxCpltCallback	24	static
../Core/Src/main.c:348:6:HAL_TIM_PeriodElapsedCallback	16	static
../Core/Src/main.c:365:6:Error_Handler	8	static,ignoring_inline_asm
