../Core/Src/main.c:100:5:__io_putchar	16	static
../Core/Src/main.c:105:5:uart_transmit	24	static
../Core/Src/main.c:109:5:uart_it_transmit	16	static
../Core/Src/main.c:113:5:uart_dma_transmit	16	static
../Core/Src/main.c:117:5:uart_poll_receive	24	static
../Core/Src/main.c:121:5:uart_it_receive	16	static
../Core/Src/main.c:125:5:uart_dma_receive	16	static
../Core/Src/main.c:134:6:TaskLIDAR	32	static
../Core/Src/main.c:268:6:TaskMOTOR	208	static
../Core/Src/main.c:284:5:main	80	static
../Core/Src/main.c:398:6:SystemClock_Config	88	static
../Core/Src/main.c:440:6:HAL_UART_RxHalfCpltCallback	24	static
../Core/Src/main.c:447:6:HAL_UART_RxCpltCallback	24	static
../Core/Src/main.c:463:6:HAL_TIM_PeriodElapsedCallback	16	static
../Core/Src/main.c:480:6:Error_Handler	8	static,ignoring_inline_asm
