../Core/Src/main.c:68:5:__io_putchar	16	static
../Core/Src/main.c:73:5:uart_transmit	24	static
../Core/Src/main.c:77:5:uart_it_transmit	16	static
../Core/Src/main.c:81:5:uart_dma_transmit	16	static
../Core/Src/main.c:85:5:uart_poll_receive	24	static
../Core/Src/main.c:89:5:uart_it_receive	16	static
../Core/Src/main.c:93:5:uart_dma_receive	16	static
../Core/Src/main.c:101:6:TaskLIDAR	32	static
../Core/Src/main.c:186:5:main	24	static
../Core/Src/main.c:275:6:SystemClock_Config	88	static
../Core/Src/main.c:317:6:HAL_UART_RxHalfCpltCallback	24	static
../Core/Src/main.c:324:6:HAL_UART_RxCpltCallback	24	static
../Core/Src/main.c:340:6:HAL_TIM_PeriodElapsedCallback	16	static
../Core/Src/main.c:357:6:Error_Handler	8	static,ignoring_inline_asm
