../Core/Src/main.c:94:5:__io_putchar	16	static
../Core/Src/main.c:99:5:uart_transmit	24	static
../Core/Src/main.c:103:5:uart_it_transmit	16	static
../Core/Src/main.c:107:5:uart_dma_transmit	16	static
../Core/Src/main.c:111:5:uart_poll_receive	24	static
../Core/Src/main.c:115:5:uart_it_receive	16	static
../Core/Src/main.c:119:5:uart_dma_receive	16	static
../Core/Src/main.c:128:6:TaskLIDAR	32	static
../Core/Src/main.c:238:6:TaskMOTOR	208	static
../Core/Src/main.c:252:5:main	96	static
../Core/Src/main.c:362:6:SystemClock_Config	88	static
../Core/Src/main.c:404:6:HAL_UART_RxHalfCpltCallback	24	static
../Core/Src/main.c:411:6:HAL_UART_RxCpltCallback	24	static
../Core/Src/main.c:427:6:HAL_TIM_PeriodElapsedCallback	16	static
../Core/Src/main.c:444:6:Error_Handler	8	static,ignoring_inline_asm
