../Core/Src/main.c:69:5:__io_putchar	16	static
../Core/Src/main.c:74:5:uart_transmit	24	static
../Core/Src/main.c:78:5:uart_it_transmit	16	static
../Core/Src/main.c:82:5:uart_dma_transmit	16	static
../Core/Src/main.c:86:5:uart_poll_receive	24	static
../Core/Src/main.c:90:5:uart_it_receive	16	static
../Core/Src/main.c:94:5:uart_dma_receive	16	static
../Core/Src/main.c:102:6:TaskLIDAR	32	static
../Core/Src/main.c:187:5:main	24	static
../Core/Src/main.c:275:6:SystemClock_Config	88	static
../Core/Src/main.c:315:6:HAL_UART_RxHalfCpltCallback	24	static
../Core/Src/main.c:322:6:HAL_UART_RxCpltCallback	24	static
../Core/Src/main.c:338:6:HAL_TIM_PeriodElapsedCallback	16	static
../Core/Src/main.c:355:6:Error_Handler	8	static,ignoring_inline_asm
