../Core/Src/main.c:102:5:__io_putchar	16	static
../Core/Src/main.c:107:5:uart_transmit	24	static
../Core/Src/main.c:111:5:uart_it_transmit	16	static
../Core/Src/main.c:115:5:uart_dma_transmit	16	static
../Core/Src/main.c:119:5:uart_poll_receive	24	static
../Core/Src/main.c:123:5:uart_it_receive	16	static
../Core/Src/main.c:127:5:uart_dma_receive	16	static
../Core/Src/main.c:136:6:TaskLIDAR	32	static
../Core/Src/main.c:270:6:TaskMOTOR	208	static
../Core/Src/main.c:286:5:main	80	static
../Core/Src/main.c:400:6:SystemClock_Config	88	static
../Core/Src/main.c:442:6:HAL_UART_RxHalfCpltCallback	24	static
../Core/Src/main.c:449:6:HAL_UART_RxCpltCallback	24	static
../Core/Src/main.c:465:6:HAL_TIM_PeriodElapsedCallback	16	static
../Core/Src/main.c:482:6:Error_Handler	8	static,ignoring_inline_asm
