../Core/Src/stm32g0xx_it.c:74:6:NMI_Handler	8	static
../Core/Src/stm32g0xx_it.c:89:6:HardFault_Handler	8	static
../Core/Src/stm32g0xx_it.c:111:6:EXTI0_1_IRQHandler	8	static
../Core/Src/stm32g0xx_it.c:125:6:EXTI2_3_IRQHandler	8	static
../Core/Src/stm32g0xx_it.c:139:6:EXTI4_15_IRQHandler	8	static
../Core/Src/stm32g0xx_it.c:159:6:DMA1_Channel1_IRQHandler	8	static
../Core/Src/stm32g0xx_it.c:173:6:DMA1_Channel2_3_IRQHandler	8	static
../Core/Src/stm32g0xx_it.c:187:6:TIM1_CC_IRQHandler	8	static
../Core/Src/stm32g0xx_it.c:201:6:TIM3_IRQHandler	8	static
../Core/Src/stm32g0xx_it.c:215:6:TIM7_IRQHandler	8	static
